13/06/2025 - Kaitlyn O’Brien
13/06/2025 - Teresa Knight
13/06/2025 - Adam Garcia
13/06/2025 - Cindy Koenig
13/06/2025 - Tom Griffin
13/06/2025 - Tara Moore
13/06/2025 - Clancy Fulton
13/06/2025 - Justin Rollins
13/06/2025 - Paris Coleman
13/06/2025 - John Hagney
13/06/2025 - kelli stocum
13/06/2025 - Robert Duran
13/06/2025 - Chris Bunodono
13/06/2025 - Brad Borden
13/06/2025 - Warren Austin Leyh
13/06/2025 - Palmer Nelson
13/06/2025 - Scott Erickson
13/06/2025 - Kit Singleton
13/06/2025 - WiL Smith
13/06/2025 - Tiffany Bray
