Geoffrey Coleman
Ruben Cromeyer
Jessica Torres-Rosa
Steve Chemello
ted nelson
DAVID N WEST
Greg Ziegler
James R Vehorn
Jay Stavalo
Conner
Michael Narbut
Anthony Sturdivant
Allyson Meierhans
Pam West
Paul  Miller
brandon Hamilton
Sandy Ringer
John F Cashman
Darren Palmer
Toni
Geoffrey Coleman
Ruben Cromeyer
Jessica Torres-Rosa
Steve Chemello
ted nelson
DAVID N WEST
Greg Ziegler
James R Vehorn
Jay Stavalo
Conner
Michael Narbut
Anthony Sturdivant
Allyson Meierhans
Pam West
Paul  Miller
brandon Hamilton
Sandy Ringer
John F Cashman
Geoffrey Coleman
Jessica Torres-Rosa
ted nelson
DAVID N WEST
Jay Stavalo
Conner
Allyson Meierhans
brandon Hamilton
Sandy Ringer
John F Cashman
