16/06/2025 - Maria
16/06/2025 - Haven Abrams
16/06/2025 - Jessica Narvaez
16/06/2025 - Samuel Connors
16/06/2025 - Jordan Holbrook
16/06/2025 - Tim Vermeer
16/06/2025 - Gwen Waddell
16/06/2025 - Ramesh Ragu
16/06/2025 - Cindy Johnston
16/06/2025 - Carlos Bastos
16/06/2025 - Shannon C Williamson
16/06/2025 - Latonya Dabney
16/06/2025 - Carol Hendricks
16/06/2025 - Allison de Craen
16/06/2025 - Laura Holthoff
16/06/2025 - Norman  Clarke
16/06/2025 - Marguerite Salen
16/06/2025 - Gary Davison
16/06/2025 - John Wagonlander
16/06/2025 - Amanda  Williams
16/06/2025 - Nicole Massey
16/06/2025 - edward William Collins
16/06/2025 - Aja Stamp
16/06/2025 - Gregory Grosvenor
16/06/2025 - Jay Stavalo
16/06/2025 - Maria
16/06/2025 - Haven Abrams
16/06/2025 - Jessica Narvaez
16/06/2025 - Samuel Connors
16/06/2025 - Jordan Holbrook
16/06/2025 - Tim Vermeer
16/06/2025 - Gwen Waddell
16/06/2025 - Ramesh Ragu
16/06/2025 - Cindy Johnston
16/06/2025 - Carlos Bastos
16/06/2025 - Shannon C Williamson
16/06/2025 - Latonya Dabney
16/06/2025 - Carol Hendricks
16/06/2025 - Allison de Craen
16/06/2025 - Laura Holthoff
16/06/2025 - Norman  Clarke
16/06/2025 - Marguerite Salen
16/06/2025 - Gary Davison
16/06/2025 - John Wagonlander
16/06/2025 - Amanda  Williams
16/06/2025 - Nicole Massey
16/06/2025 - edward William Collins
16/06/2025 - Aja Stamp
16/06/2025 - Gregory Grosvenor
16/06/2025 - Jay Stavalo
16/06/2025 - Maria
16/06/2025 - Haven Abrams
16/06/2025 - Jessica Narvaez
16/06/2025 - Samuel Connors
16/06/2025 - Jordan Holbrook
16/06/2025 - Tim Vermeer
16/06/2025 - Gwen Waddell
16/06/2025 - Ramesh Ragu
16/06/2025 - Cindy Johnston
16/06/2025 - Carlos Bastos
16/06/2025 - Shannon C Williamson
16/06/2025 - Latonya Dabney
16/06/2025 - Carol Hendricks
16/06/2025 - Allison de Craen
16/06/2025 - Laura Holthoff
16/06/2025 - Norman  Clarke
16/06/2025 - Marguerite Salen
16/06/2025 - Gary Davison
16/06/2025 - John Wagonlander
16/06/2025 - Amanda  Williams
16/06/2025 - Nicole Massey
16/06/2025 - edward William Collins
16/06/2025 - Aja Stamp
16/06/2025 - Gregory Grosvenor
Akayla
Michael Williams
Connie Just
Dorothie Willson
Sophie Edwards
John Araya
