14/06/2025 - Mikaela Cox
14/06/2025 - Richard Kovacs
14/06/2025 - Erin Murphy
14/06/2025 - Leo Lingle
14/06/2025 - Boo Boo Stein
14/06/2025 - Hannah Boneso
14/06/2025 - Yair moreno
14/06/2025 - John Klocke
14/06/2025 - Lorraine Frongillo
14/06/2025 - Michael Porch
14/06/2025 - Jply
14/06/2025 - Sarah Cadena
14/06/2025 - Mike Kazarian
14/06/2025 - Nancy Belardo
14/06/2025 - Chad Gould
14/06/2025 - Marcus Farris
14/06/2025 - Kathryn Knell
14/06/2025 - Martin Reynolds
14/06/2025 - Charles  Roche
14/06/2025 - Nina Arrissa Burnett
14/06/2025 - David woodard
14/06/2025 - CADEN HAMMONS
